// Jest Snapshot v1, https://goo.gl/fbAQLP

exports[`hash hashes values 1`] = `
Array [
  "1l2jq1k54d",
  "8vth9qfbt1",
  "uottwj0y3r",
  "38065vocck",
  "ho5ybghprz",
  "3qqy9qztd8",
  "pg9ii5oceu",
  "b5z3tyn70o",
  "pcbqk3lwbn",
  "ko4h5js3v4",
  "3osgp1jl35",
  "mytsog2g27",
  "abikg0mmmd",
  "22mi2di0qp",
  "zoy66fqire",
  "9q11f1m8s9",
  "9a90m9jvkt",
  "74uo9rernc",
  "gn00tx4f37",
  "0hm88fcj85",
]
`;
